// Jest Snapshot v1, https://goo.gl/fbAQLP

exports[`getRequestBody default 1`] = `
Object {
  "dimension": "variables/browser",
  "globalFilters": Array [
    Object {
      "dateRange": "2019-08-01T00:00:00.000/2019-11-01T00:00:00.000",
      "type": "dateRange",
    },
  ],
  "metricContainer": Object {
    "metrics": Array [
      Object {
        "columnId": "0",
        "id": "metrics/visitors",
      },
    ],
  },
  "rsid": "---rsid---",
  "settings": Object {
    "countRepeatInstances": true,
    "limit": 50,
    "nonesBehavior": "return-nones",
    "page": 0,
  },
}
`;
